// Jest Snapshot v1, https://goo.gl/fbAQLP

exports[`renders correctly 1`] = `
<tr>
  <td>
    <div
      className="cellLabel"
    >
      Category
    </div>
    <div
      className="cellContent"
    />
  </td>
  <td>
    <div
      className="cellLabel"
    >
      Description
    </div>
    <div
      className="cellContent"
    />
  </td>
  <td
    className="neg"
  >
    <div
      className="cellLabel"
    >
      Amount
    </div>
    <div
      className="cellContent"
    />
  </td>
</tr>
`;
