// Jest Snapshot v1, https://goo.gl/fbAQLP

exports[`renders correctly 1`] = `
<tr>
  <td
    className={undefined}
  >
    <a
      aria-current={false}
      className={undefined}
      href="/budget/Trader-Joe's-food/1"
      onClick={[Function]}
      style={undefined}
    >
      <div
        className="cellLabel"
      >
        Category
      </div>
      <div
        className="cellContent"
      >
        Groceries
      </div>
    </a>
  </td>
  <td
    className={undefined}
  >
    <a
      aria-current={false}
      className={undefined}
      href="/budget/Trader-Joe's-food/1"
      onClick={[Function]}
      style={undefined}
    >
      <div
        className="cellLabel"
      >
        Description
      </div>
      <div
        className="cellContent"
      >
        Trader Joe's food
      </div>
    </a>
  </td>
  <td
    className={undefined}
  >
    <a
      aria-current={false}
      className={undefined}
      href="/budget/Trader-Joe's-food/1"
      onClick={[Function]}
      style={undefined}
    >
      <div
        className="cellLabel"
      >
        Amount
      </div>
      <div
        className="cellContent"
      >
        -$423.34
      </div>
    </a>
  </td>
</tr>
`;
