// Jest Snapshot v1, https://goo.gl/fbAQLP

exports[`renders correctly with a transaction 1`] = `
<div
  className="transactionDetails"
>
  <div
    className="transactionText"
  >
    <ul>
      <li>
        <span
          className="neg"
        >
          -NaN%
        </span>
      </li>
    </ul>
  </div>
  <div
    className="transactionChart"
  >
    <div
      className="pie"
      style={
        Object {
          "animationDelay": "-0s",
          "minHeight": "200px",
          "minWidth": "200px",
        }
      }
    />
  </div>
</div>
`;
