// Jest Snapshot v1, https://goo.gl/fbAQLP

exports[`renders correctly 1`] = `
<section
  className="chartContainer"
>
  <h1
    className="title"
  >
    Trader Joe's food
  </h1>
  <h2
    className="neg"
  >
    -21.17%
  </h2>
  <div
    className="donutChart"
  >
    <svg
      className="mainSvg"
      height={316}
      viewBox="-8 -8 316 316"
      width={316}
    >
      <g
        transform="translate(150,150)"
      >
        <path
          d="M9.184850993605149e-15,-150A150,150,0,0,1,145.6708913294543,-35.77696772062049L0.1456708913294543,-0.035776967720620494A0.15,0.15,0,0,0,9.184850993605149e-18,-0.15Z"
          fill="crimson"
        />
        <path
          d="M145.6708913294543,-35.77696772062049A150,150,0,1,1,1.0567220997420333e-13,-150L1.0567220997420333e-16,-0.15A0.15,0.15,0,1,0,0.1456708913294543,-0.035776967720620494Z"
          fill="orange"
        />
      </g>
    </svg>
    <ul
      className="legend"
    >
      <li
        style={
          Object {
            "color": "crimson",
          }
        }
      >
        <span>
          Trader Joe's food
        </span>
        <span
          className="value"
        >
           
          $423.34
           
        </span>
      </li>
      <li
        style={
          Object {
            "color": "orange",
          }
        }
      >
        <span>
          Remaining Outflow
        </span>
        <span
          className="value"
        >
           
          $1,576.66
           
        </span>
      </li>
    </ul>
  </div>
</section>
`;
