// Jest Snapshot v1, https://goo.gl/fbAQLP

exports[`renders correctly 1`] = `
<div
  className="transactionDetail"
>
  <h1>
     
    Trader Joe's food
     
  </h1>
  <h2
    className="outflow"
  >
    -
     
    16.93
    %
  </h2>
  <div
    className="donutChart"
  >
    <svg
      className="mainSvg"
      height={316}
      viewBox="-8 -8 316 316"
      width={316}
    >
      <g
        transform="translate(150,150)"
      >
        <path
          d="M9.184850993605149e-15,-150A150,150,0,0,1,118.41561722458755,-92.07465230626703L59.207808612293775,-46.03732615313351A75,75,0,0,0,4.592425496802574e-15,-75Z"
          fill="#c7c7c7"
        />
        <path
          d="M118.41561722458755,-92.07465230626703A150,150,0,1,1,-2.7554552980815446e-14,-150L-1.3777276490407723e-14,-75A75,75,0,1,0,59.207808612293775,-46.03732615313351Z"
          fill="#98df8a"
        />
      </g>
    </svg>
    <ul
      className="legend"
    >
      <li
        style={
          Object {
            "color": "#c7c7c7",
          }
        }
      >
        <span>
          Trader Joe's food (16.93%): 
        </span>
        <span
          className="value"
        >
           
          $423.34
           
        </span>
      </li>
      <li
        style={
          Object {
            "color": "#98df8a",
          }
        }
      >
        <span>
          Total budget (83.07): 
        </span>
        <span
          className="value"
        >
           
          $2,500.00
           
        </span>
      </li>
    </ul>
  </div>
</div>
`;
